\BOOKMARK [1][-]{section.1}{\376\377\000C\000O\000A\000X\000I\000A\000L\000\040\000R\000F\000\040\000L\000I\000N\000E}{}% 1
\BOOKMARK [2][-]{subsection.1.1}{\376\377\000T\000a\000s\000k\000\040\000d\000e\000s\000c\000r\000i\000p\000t\000i\000o\000n}{section.1}% 2
\BOOKMARK [2][-]{subsection.1.2}{\376\377\000S\000c\000h\000e\000m\000a\000t\000i\000c\000s}{section.1}% 3
\BOOKMARK [2][-]{subsection.1.3}{\376\377\000T\000a\000b\000l\000e\000\040\000w\000i\000t\000h\000\040\000m\000e\000a\000s\000u\000r\000e\000m\000e\000n\000t\000\040\000r\000e\000s\000u\000l\000t\000s}{section.1}% 4
\BOOKMARK [2][-]{subsection.1.4}{\376\377\000S\000i\000m\000u\000l\000a\000t\000i\000o\000n\000\040\000c\000u\000r\000v\000e\000s\000\040\000a\000n\000d\000\040\000d\000i\000a\000g\000r\000a\000m\000s}{section.1}% 5
\BOOKMARK [2][-]{subsection.1.5}{\376\377\000D\000i\000s\000c\000u\000s\000s\000i\000o\000n}{section.1}% 6
\BOOKMARK [1][-]{section.2}{\376\377\000T\000i\000m\000e\000\040\000D\000o\000m\000a\000i\000n\000\040\000R\000e\000f\000l\000e\000c\000t\000o\000m\000e\000t\000r\000y}{}% 7
\BOOKMARK [2][-]{subsection.2.1}{\376\377\000M\000e\000a\000s\000u\000r\000e\000m\000e\000n\000t\000\040\000A\000:\000\040\000R\000i\000s\000e\000-\000\040\000a\000n\000d\000\040\000f\000a\000l\000l\000\040\000t\000i\000m\000e\000\040\000o\000f\000\040\000t\000h\000e\000\040\000l\000i\000n\000e\000\040\000d\000r\000i\000v\000e\000r}{section.2}% 8
\BOOKMARK [3][-]{subsubsection.2.1.1}{\376\377\000T\000a\000s\000k\000\040\000D\000e\000s\000c\000r\000i\000p\000t\000i\000o\000n}{subsection.2.1}% 9
\BOOKMARK [3][-]{subsubsection.2.1.2}{\376\377\000S\000c\000h\000e\000m\000a\000t\000i\000c}{subsection.2.1}% 10
\BOOKMARK [3][-]{subsubsection.2.1.3}{\376\377\000F\000o\000r\000m\000u\000l\000a\000s\000\040\000a\000n\000d\000\040\000C\000a\000l\000c\000u\000l\000a\000t\000i\000o\000n\000s}{subsection.2.1}% 11
\BOOKMARK [3][-]{subsubsection.2.1.4}{\376\377\000T\000a\000b\000l\000e\000\050\000s\000\051\000\040\000w\000i\000t\000h\000\040\000m\000e\000a\000s\000u\000r\000e\000m\000e\000n\000t\000\040\000r\000e\000s\000u\000l\000t\000s}{subsection.2.1}% 12
\BOOKMARK [3][-]{subsubsection.2.1.5}{\376\377\000C\000u\000r\000v\000e\000s\000\040\000\046\000\040\000d\000i\000a\000g\000r\000a\000m\000s}{subsection.2.1}% 13
\BOOKMARK [3][-]{subsubsection.2.1.6}{\376\377\000S\000h\000o\000r\000t\000\040\000d\000i\000s\000c\000u\000s\000s\000i\000o\000n\000\040\000o\000f\000\040\000m\000e\000a\000s\000u\000r\000e\000m\000e\000n\000t\000\040\000r\000e\000s\000u\000l\000t\000s}{subsection.2.1}% 14
\BOOKMARK [2][-]{subsection.2.2}{\376\377\000M\000e\000a\000s\000u\000r\000e\000m\000e\000n\000t\000\040\000B\000:\000\040\000R\000e\000f\000l\000e\000c\000t\000i\000o\000n\000s\000\040\000o\000f\000\040\000a\000\040\000c\000o\000a\000x\000\040\000c\000a\000b\000l\000e\000\040\000w\000i\000t\000h\000\040\000d\000i\000f\000f\000e\000r\000e\000n\000t\000\040\000l\000o\000a\000d\000s}{section.2}% 15
\BOOKMARK [3][-]{subsubsection.2.2.1}{\376\377\000T\000a\000s\000k\000\040\000D\000e\000s\000c\000r\000i\000p\000t\000i\000o\000n}{subsection.2.2}% 16
\BOOKMARK [3][-]{subsubsection.2.2.2}{\376\377\000S\000c\000h\000e\000m\000a\000t\000i\000c}{subsection.2.2}% 17
\BOOKMARK [3][-]{subsubsection.2.2.3}{\376\377\000F\000o\000r\000m\000u\000l\000a\000s\000\040\000a\000n\000d\000\040\000C\000a\000l\000c\000u\000l\000a\000t\000i\000o\000n\000s}{subsection.2.2}% 18
\BOOKMARK [3][-]{subsubsection.2.2.4}{\376\377\000T\000a\000b\000l\000e\000\050\000s\000\051\000\040\000w\000i\000t\000h\000\040\000m\000e\000a\000s\000u\000r\000e\000m\000e\000n\000t\000\040\000r\000e\000s\000u\000l\000t\000s}{subsection.2.2}% 19
\BOOKMARK [3][-]{subsubsection.2.2.5}{\376\377\000C\000u\000r\000v\000e\000s\000\040\000\046\000\040\000d\000i\000a\000g\000r\000a\000m\000s}{subsection.2.2}% 20
\BOOKMARK [3][-]{subsubsection.2.2.6}{\376\377\000S\000h\000o\000r\000t\000\040\000d\000i\000s\000c\000u\000s\000s\000i\000o\000n\000\040\000o\000f\000\040\000m\000e\000a\000s\000u\000r\000e\000m\000e\000n\000t\000\040\000r\000e\000s\000u\000l\000t\000s}{subsection.2.2}% 21
\BOOKMARK [2][-]{subsection.2.3}{\376\377\000M\000e\000a\000s\000u\000r\000e\000m\000e\000n\000t\000\040\000C\000:\000\040\000D\000e\000t\000e\000r\000m\000i\000n\000e\000\040\000c\000a\000b\000l\000e\000\040\000l\000e\000n\000g\000t\000h}{section.2}% 22
\BOOKMARK [3][-]{subsubsection.2.3.1}{\376\377\000T\000a\000s\000k\000\040\000D\000e\000s\000c\000r\000i\000p\000t\000i\000o\000n}{subsection.2.3}% 23
\BOOKMARK [3][-]{subsubsection.2.3.2}{\376\377\000S\000c\000h\000e\000m\000a\000t\000i\000c}{subsection.2.3}% 24
\BOOKMARK [3][-]{subsubsection.2.3.3}{\376\377\000F\000o\000r\000m\000u\000l\000a\000s\000\040\000a\000n\000d\000\040\000C\000a\000l\000c\000u\000l\000a\000t\000i\000o\000n\000s}{subsection.2.3}% 25
\BOOKMARK [3][-]{subsubsection.2.3.4}{\376\377\000T\000a\000b\000l\000e\000\050\000s\000\051\000\040\000w\000i\000t\000h\000\040\000m\000e\000a\000s\000u\000r\000e\000m\000e\000n\000t\000\040\000r\000e\000s\000u\000l\000t\000s}{subsection.2.3}% 26
\BOOKMARK [3][-]{subsubsection.2.3.5}{\376\377\000C\000u\000r\000v\000e\000s\000\040\000\046\000\040\000d\000i\000a\000g\000r\000a\000m\000s}{subsection.2.3}% 27
\BOOKMARK [3][-]{subsubsection.2.3.6}{\376\377\000S\000h\000o\000r\000t\000\040\000d\000i\000s\000c\000u\000s\000s\000i\000o\000n\000\040\000o\000f\000\040\000m\000e\000a\000s\000u\000r\000e\000m\000e\000n\000t\000\040\000r\000e\000s\000u\000l\000t\000s}{subsection.2.3}% 28
